  Determinando os projetos a serem restaurados...
C:\Users\Deone\Documents\Projetos\Infomicro\Infomicro.csproj : warning NU1510: PackageReference System.Drawing.Common n├úo ser├í podado. Considere remover este pacote das depend├¬ncias, pois┬áele provavelmente ├® desnecess├írio.
  Todos os projetos est├úo atualizados para restaura├º├úo.
C:\Users\Deone\Documents\Projetos\Infomicro\Infomicro.csproj : warning NU1510: PackageReference System.Drawing.Common n├úo ser├í podado. Considere remover este pacote das depend├¬ncias, pois┬áele provavelmente ├® desnecess├írio.
C:\Users\Deone\Documents\Projetos\Infomicro\MainWindow.xaml.cs(22,23): warning CS8622: A nulidade de tipos de refer├¬ncia no tipo de par├ómetro 'sender' de 'void MainWindow.MainWindow_Closed(object sender, EventArgs e)' n├úo corresponde ao delegado de destino 'EventHandler' (possivelmente devido a atributos de nulidade). [C:\Users\Deone\Documents\Projetos\Infomicro\Infomicro.csproj]
C:\Users\Deone\Documents\Projetos\Infomicro\MainWindow.xaml.cs(18,16): warning CS8618: O campo n├úo anul├ível '_host' precisa conter um valor n├úo nulo ao sair do construtor. Considere adicionar o modificador "obrigat├│rio" ou declarar o campo como anul├ível. [C:\Users\Deone\Documents\Projetos\Infomicro\Infomicro.csproj]
C:\Users\Deone\Documents\Projetos\Infomicro\MainWindow.xaml.cs(18,16): warning CS8618: O campo n├úo anul├ível '_captureService' precisa conter um valor n├úo nulo ao sair do construtor. Considere adicionar o modificador "obrigat├│rio" ou declarar o campo como anul├ível. [C:\Users\Deone\Documents\Projetos\Infomicro\Infomicro.csproj]
C:\Users\Deone\Documents\Projetos\Infomicro\Core\NetworkHost.cs(50,27): warning CS8625: N├úo ├® poss├¡vel converter um literal nulo em um tipo de refer├¬ncia n├úo anul├ível. [C:\Users\Deone\Documents\Projetos\Infomicro\Infomicro.csproj]
C:\Users\Deone\Documents\Projetos\Infomicro\Core\NetworkHost.cs(51,27): warning CS8625: N├úo ├® poss├¡vel converter um literal nulo em um tipo de refer├¬ncia n├úo anul├ível. [C:\Users\Deone\Documents\Projetos\Infomicro\Infomicro.csproj]
C:\Users\Deone\Documents\Projetos\Infomicro\Core\NetworkClient.cs(47,23): warning CS8625: N├úo ├® poss├¡vel converter um literal nulo em um tipo de refer├¬ncia n├úo anul├ível. [C:\Users\Deone\Documents\Projetos\Infomicro\Infomicro.csproj]
C:\Users\Deone\Documents\Projetos\Infomicro\Core\NetworkClient.cs(48,23): warning CS8625: N├úo ├® poss├¡vel converter um literal nulo em um tipo de refer├¬ncia n├úo anul├ível. [C:\Users\Deone\Documents\Projetos\Infomicro\Infomicro.csproj]
C:\Users\Deone\Documents\Projetos\Infomicro\Views\RemoteViewerWindow.xaml.cs(25,17): error CS0104: "MessageBox" ├® uma refer├¬ncia amb├¡gua entre "System.Windows.Forms.MessageBox" e "System.Windows.MessageBox" [C:\Users\Deone\Documents\Projetos\Infomicro\Infomicro.csproj]
C:\Users\Deone\Documents\Projetos\Infomicro\Services\ScreenCaptureService.cs(25,30): warning CS8602: Desrefer├¬ncia de uma refer├¬ncia possivelmente nula. [C:\Users\Deone\Documents\Projetos\Infomicro\Infomicro.csproj]
C:\Users\Deone\Documents\Projetos\Infomicro\Services\ScreenCaptureService.cs(42,24): warning CS8603: Poss├¡vel retorno de refer├¬ncia nula. [C:\Users\Deone\Documents\Projetos\Infomicro\Infomicro.csproj]
C:\Users\Deone\Documents\Projetos\Infomicro\Services\ScreenCaptureService.cs(54,20): warning CS8603: Poss├¡vel retorno de refer├¬ncia nula. [C:\Users\Deone\Documents\Projetos\Infomicro\Infomicro.csproj]
C:\Users\Deone\Documents\Projetos\Infomicro\Core\NetworkClient.cs(11,27): warning CS8618: O campo n├úo anul├ível '_client' precisa conter um valor n├úo nulo ao sair do construtor. Considere adicionar o modificador "obrigat├│rio" ou declarar o campo como anul├ível. [C:\Users\Deone\Documents\Projetos\Infomicro\Infomicro.csproj]
C:\Users\Deone\Documents\Projetos\Infomicro\Core\NetworkClient.cs(12,31): warning CS8618: O campo n├úo anul├ível '_stream' precisa conter um valor n├úo nulo ao sair do construtor. Considere adicionar o modificador "obrigat├│rio" ou declarar o campo como anul├ível. [C:\Users\Deone\Documents\Projetos\Infomicro\Infomicro.csproj]
C:\Users\Deone\Documents\Projetos\Infomicro\Core\NetworkHost.cs(12,29): warning CS8618: O campo n├úo anul├ível '_listener' precisa conter um valor n├úo nulo ao sair do construtor. Considere adicionar o modificador "obrigat├│rio" ou declarar o campo como anul├ível. [C:\Users\Deone\Documents\Projetos\Infomicro\Infomicro.csproj]
C:\Users\Deone\Documents\Projetos\Infomicro\Core\NetworkClient.cs(13,41): warning CS8618: O campo n├úo anul├ível '_cts' precisa conter um valor n├úo nulo ao sair do construtor. Considere adicionar o modificador "obrigat├│rio" ou declarar o campo como anul├ível. [C:\Users\Deone\Documents\Projetos\Infomicro\Infomicro.csproj]
C:\Users\Deone\Documents\Projetos\Infomicro\Core\NetworkHost.cs(13,27): warning CS8618: O campo n├úo anul├ível '_client' precisa conter um valor n├úo nulo ao sair do construtor. Considere adicionar o modificador "obrigat├│rio" ou declarar o campo como anul├ível. [C:\Users\Deone\Documents\Projetos\Infomicro\Infomicro.csproj]
C:\Users\Deone\Documents\Projetos\Infomicro\Core\NetworkHost.cs(14,31): warning CS8618: O campo n├úo anul├ível '_stream' precisa conter um valor n├úo nulo ao sair do construtor. Considere adicionar o modificador "obrigat├│rio" ou declarar o campo como anul├ível. [C:\Users\Deone\Documents\Projetos\Infomicro\Infomicro.csproj]
C:\Users\Deone\Documents\Projetos\Infomicro\Core\NetworkClient.cs(15,29): warning CS8618: O evento n├úo anul├ível 'Connected' precisa conter um valor n├úo nulo ao sair do construtor. Considere adicionar o modificador "obrigat├│rio" ou declarar o evento como anul├ível. [C:\Users\Deone\Documents\Projetos\Infomicro\Infomicro.csproj]
C:\Users\Deone\Documents\Projetos\Infomicro\Core\NetworkHost.cs(15,41): warning CS8618: O campo n├úo anul├ível '_cts' precisa conter um valor n├úo nulo ao sair do construtor. Considere adicionar o modificador "obrigat├│rio" ou declarar o campo como anul├ível. [C:\Users\Deone\Documents\Projetos\Infomicro\Infomicro.csproj]
C:\Users\Deone\Documents\Projetos\Infomicro\Core\NetworkClient.cs(16,29): warning CS8618: O evento n├úo anul├ível 'Disconnected' precisa conter um valor n├úo nulo ao sair do construtor. Considere adicionar o modificador "obrigat├│rio" ou declarar o evento como anul├ível. [C:\Users\Deone\Documents\Projetos\Infomicro\Infomicro.csproj]
C:\Users\Deone\Documents\Projetos\Infomicro\Core\NetworkHost.cs(17,29): warning CS8618: O evento n├úo anul├ível 'ClientConnected' precisa conter um valor n├úo nulo ao sair do construtor. Considere adicionar o modificador "obrigat├│rio" ou declarar o evento como anul├ível. [C:\Users\Deone\Documents\Projetos\Infomicro\Infomicro.csproj]
C:\Users\Deone\Documents\Projetos\Infomicro\Core\NetworkClient.cs(17,37): warning CS8618: O evento n├úo anul├ível 'ImageReceived' precisa conter um valor n├úo nulo ao sair do construtor. Considere adicionar o modificador "obrigat├│rio" ou declarar o evento como anul├ível. [C:\Users\Deone\Documents\Projetos\Infomicro\Infomicro.csproj]
C:\Users\Deone\Documents\Projetos\Infomicro\Core\NetworkHost.cs(18,29): warning CS8618: O evento n├úo anul├ível 'ClientDisconnected' precisa conter um valor n├úo nulo ao sair do construtor. Considere adicionar o modificador "obrigat├│rio" ou declarar o evento como anul├ível. [C:\Users\Deone\Documents\Projetos\Infomicro\Infomicro.csproj]
C:\Users\Deone\Documents\Projetos\Infomicro\Core\NetworkHost.cs(19,37): warning CS8618: O evento n├úo anul├ível 'CommandReceived' precisa conter um valor n├úo nulo ao sair do construtor. Considere adicionar o modificador "obrigat├│rio" ou declarar o evento como anul├ível. [C:\Users\Deone\Documents\Projetos\Infomicro\Infomicro.csproj]
C:\Users\Deone\Documents\Projetos\Infomicro\Core\NetworkProtocol.cs(34,24): warning CS8619: A anulabilidade de tipos de refer├¬ncia no valor do tipo '(MessageType, byte[]?)' n├úo corresponde ao tipo de destino '(MessageType type, byte[] payload)'. [C:\Users\Deone\Documents\Projetos\Infomicro\Infomicro.csproj]
C:\Users\Deone\Documents\Projetos\Infomicro\Core\NetworkProtocol.cs(43,28): warning CS8619: A anulabilidade de tipos de refer├¬ncia no valor do tipo '(MessageType, byte[]?)' n├úo corresponde ao tipo de destino '(MessageType type, byte[] payload)'. [C:\Users\Deone\Documents\Projetos\Infomicro\Infomicro.csproj]
C:\Users\Deone\Documents\Projetos\Infomicro\MainWindow.xaml.cs(101,17): error CS0104: "MessageBox" ├® uma refer├¬ncia amb├¡gua entre "System.Windows.Forms.MessageBox" e "System.Windows.MessageBox" [C:\Users\Deone\Documents\Projetos\Infomicro\Infomicro.csproj]
C:\Users\Deone\Documents\Projetos\Infomicro\MainWindow.xaml.cs(125,17): error CS0104: "MessageBox" ├® uma refer├¬ncia amb├¡gua entre "System.Windows.Forms.MessageBox" e "System.Windows.MessageBox" [C:\Users\Deone\Documents\Projetos\Infomicro\Infomicro.csproj]

FALHA da compila├º├úo.

C:\Users\Deone\Documents\Projetos\Infomicro\Infomicro.csproj : warning NU1510: PackageReference System.Drawing.Common n├úo ser├í podado. Considere remover este pacote das depend├¬ncias, pois┬áele provavelmente ├® desnecess├írio.
C:\Users\Deone\Documents\Projetos\Infomicro\Infomicro.csproj : warning NU1510: PackageReference System.Drawing.Common n├úo ser├í podado. Considere remover este pacote das depend├¬ncias, pois┬áele provavelmente ├® desnecess├írio.
C:\Users\Deone\Documents\Projetos\Infomicro\MainWindow.xaml.cs(22,23): warning CS8622: A nulidade de tipos de refer├¬ncia no tipo de par├ómetro 'sender' de 'void MainWindow.MainWindow_Closed(object sender, EventArgs e)' n├úo corresponde ao delegado de destino 'EventHandler' (possivelmente devido a atributos de nulidade). [C:\Users\Deone\Documents\Projetos\Infomicro\Infomicro.csproj]
C:\Users\Deone\Documents\Projetos\Infomicro\MainWindow.xaml.cs(18,16): warning CS8618: O campo n├úo anul├ível '_host' precisa conter um valor n├úo nulo ao sair do construtor. Considere adicionar o modificador "obrigat├│rio" ou declarar o campo como anul├ível. [C:\Users\Deone\Documents\Projetos\Infomicro\Infomicro.csproj]
C:\Users\Deone\Documents\Projetos\Infomicro\MainWindow.xaml.cs(18,16): warning CS8618: O campo n├úo anul├ível '_captureService' precisa conter um valor n├úo nulo ao sair do construtor. Considere adicionar o modificador "obrigat├│rio" ou declarar o campo como anul├ível. [C:\Users\Deone\Documents\Projetos\Infomicro\Infomicro.csproj]
C:\Users\Deone\Documents\Projetos\Infomicro\Core\NetworkHost.cs(50,27): warning CS8625: N├úo ├® poss├¡vel converter um literal nulo em um tipo de refer├¬ncia n├úo anul├ível. [C:\Users\Deone\Documents\Projetos\Infomicro\Infomicro.csproj]
C:\Users\Deone\Documents\Projetos\Infomicro\Core\NetworkHost.cs(51,27): warning CS8625: N├úo ├® poss├¡vel converter um literal nulo em um tipo de refer├¬ncia n├úo anul├ível. [C:\Users\Deone\Documents\Projetos\Infomicro\Infomicro.csproj]
C:\Users\Deone\Documents\Projetos\Infomicro\Core\NetworkClient.cs(47,23): warning CS8625: N├úo ├® poss├¡vel converter um literal nulo em um tipo de refer├¬ncia n├úo anul├ível. [C:\Users\Deone\Documents\Projetos\Infomicro\Infomicro.csproj]
C:\Users\Deone\Documents\Projetos\Infomicro\Core\NetworkClient.cs(48,23): warning CS8625: N├úo ├® poss├¡vel converter um literal nulo em um tipo de refer├¬ncia n├úo anul├ível. [C:\Users\Deone\Documents\Projetos\Infomicro\Infomicro.csproj]
C:\Users\Deone\Documents\Projetos\Infomicro\Services\ScreenCaptureService.cs(25,30): warning CS8602: Desrefer├¬ncia de uma refer├¬ncia possivelmente nula. [C:\Users\Deone\Documents\Projetos\Infomicro\Infomicro.csproj]
C:\Users\Deone\Documents\Projetos\Infomicro\Services\ScreenCaptureService.cs(42,24): warning CS8603: Poss├¡vel retorno de refer├¬ncia nula. [C:\Users\Deone\Documents\Projetos\Infomicro\Infomicro.csproj]
C:\Users\Deone\Documents\Projetos\Infomicro\Services\ScreenCaptureService.cs(54,20): warning CS8603: Poss├¡vel retorno de refer├¬ncia nula. [C:\Users\Deone\Documents\Projetos\Infomicro\Infomicro.csproj]
C:\Users\Deone\Documents\Projetos\Infomicro\Core\NetworkClient.cs(11,27): warning CS8618: O campo n├úo anul├ível '_client' precisa conter um valor n├úo nulo ao sair do construtor. Considere adicionar o modificador "obrigat├│rio" ou declarar o campo como anul├ível. [C:\Users\Deone\Documents\Projetos\Infomicro\Infomicro.csproj]
C:\Users\Deone\Documents\Projetos\Infomicro\Core\NetworkClient.cs(12,31): warning CS8618: O campo n├úo anul├ível '_stream' precisa conter um valor n├úo nulo ao sair do construtor. Considere adicionar o modificador "obrigat├│rio" ou declarar o campo como anul├ível. [C:\Users\Deone\Documents\Projetos\Infomicro\Infomicro.csproj]
C:\Users\Deone\Documents\Projetos\Infomicro\Core\NetworkHost.cs(12,29): warning CS8618: O campo n├úo anul├ível '_listener' precisa conter um valor n├úo nulo ao sair do construtor. Considere adicionar o modificador "obrigat├│rio" ou declarar o campo como anul├ível. [C:\Users\Deone\Documents\Projetos\Infomicro\Infomicro.csproj]
C:\Users\Deone\Documents\Projetos\Infomicro\Core\NetworkClient.cs(13,41): warning CS8618: O campo n├úo anul├ível '_cts' precisa conter um valor n├úo nulo ao sair do construtor. Considere adicionar o modificador "obrigat├│rio" ou declarar o campo como anul├ível. [C:\Users\Deone\Documents\Projetos\Infomicro\Infomicro.csproj]
C:\Users\Deone\Documents\Projetos\Infomicro\Core\NetworkHost.cs(13,27): warning CS8618: O campo n├úo anul├ível '_client' precisa conter um valor n├úo nulo ao sair do construtor. Considere adicionar o modificador "obrigat├│rio" ou declarar o campo como anul├ível. [C:\Users\Deone\Documents\Projetos\Infomicro\Infomicro.csproj]
C:\Users\Deone\Documents\Projetos\Infomicro\Core\NetworkHost.cs(14,31): warning CS8618: O campo n├úo anul├ível '_stream' precisa conter um valor n├úo nulo ao sair do construtor. Considere adicionar o modificador "obrigat├│rio" ou declarar o campo como anul├ível. [C:\Users\Deone\Documents\Projetos\Infomicro\Infomicro.csproj]
C:\Users\Deone\Documents\Projetos\Infomicro\Core\NetworkClient.cs(15,29): warning CS8618: O evento n├úo anul├ível 'Connected' precisa conter um valor n├úo nulo ao sair do construtor. Considere adicionar o modificador "obrigat├│rio" ou declarar o evento como anul├ível. [C:\Users\Deone\Documents\Projetos\Infomicro\Infomicro.csproj]
C:\Users\Deone\Documents\Projetos\Infomicro\Core\NetworkHost.cs(15,41): warning CS8618: O campo n├úo anul├ível '_cts' precisa conter um valor n├úo nulo ao sair do construtor. Considere adicionar o modificador "obrigat├│rio" ou declarar o campo como anul├ível. [C:\Users\Deone\Documents\Projetos\Infomicro\Infomicro.csproj]
C:\Users\Deone\Documents\Projetos\Infomicro\Core\NetworkClient.cs(16,29): warning CS8618: O evento n├úo anul├ível 'Disconnected' precisa conter um valor n├úo nulo ao sair do construtor. Considere adicionar o modificador "obrigat├│rio" ou declarar o evento como anul├ível. [C:\Users\Deone\Documents\Projetos\Infomicro\Infomicro.csproj]
C:\Users\Deone\Documents\Projetos\Infomicro\Core\NetworkHost.cs(17,29): warning CS8618: O evento n├úo anul├ível 'ClientConnected' precisa conter um valor n├úo nulo ao sair do construtor. Considere adicionar o modificador "obrigat├│rio" ou declarar o evento como anul├ível. [C:\Users\Deone\Documents\Projetos\Infomicro\Infomicro.csproj]
C:\Users\Deone\Documents\Projetos\Infomicro\Core\NetworkClient.cs(17,37): warning CS8618: O evento n├úo anul├ível 'ImageReceived' precisa conter um valor n├úo nulo ao sair do construtor. Considere adicionar o modificador "obrigat├│rio" ou declarar o evento como anul├ível. [C:\Users\Deone\Documents\Projetos\Infomicro\Infomicro.csproj]
C:\Users\Deone\Documents\Projetos\Infomicro\Core\NetworkHost.cs(18,29): warning CS8618: O evento n├úo anul├ível 'ClientDisconnected' precisa conter um valor n├úo nulo ao sair do construtor. Considere adicionar o modificador "obrigat├│rio" ou declarar o evento como anul├ível. [C:\Users\Deone\Documents\Projetos\Infomicro\Infomicro.csproj]
C:\Users\Deone\Documents\Projetos\Infomicro\Core\NetworkHost.cs(19,37): warning CS8618: O evento n├úo anul├ível 'CommandReceived' precisa conter um valor n├úo nulo ao sair do construtor. Considere adicionar o modificador "obrigat├│rio" ou declarar o evento como anul├ível. [C:\Users\Deone\Documents\Projetos\Infomicro\Infomicro.csproj]
C:\Users\Deone\Documents\Projetos\Infomicro\Core\NetworkProtocol.cs(34,24): warning CS8619: A anulabilidade de tipos de refer├¬ncia no valor do tipo '(MessageType, byte[]?)' n├úo corresponde ao tipo de destino '(MessageType type, byte[] payload)'. [C:\Users\Deone\Documents\Projetos\Infomicro\Infomicro.csproj]
C:\Users\Deone\Documents\Projetos\Infomicro\Core\NetworkProtocol.cs(43,28): warning CS8619: A anulabilidade de tipos de refer├¬ncia no valor do tipo '(MessageType, byte[]?)' n├úo corresponde ao tipo de destino '(MessageType type, byte[] payload)'. [C:\Users\Deone\Documents\Projetos\Infomicro\Infomicro.csproj]
C:\Users\Deone\Documents\Projetos\Infomicro\Views\RemoteViewerWindow.xaml.cs(25,17): error CS0104: "MessageBox" ├® uma refer├¬ncia amb├¡gua entre "System.Windows.Forms.MessageBox" e "System.Windows.MessageBox" [C:\Users\Deone\Documents\Projetos\Infomicro\Infomicro.csproj]
C:\Users\Deone\Documents\Projetos\Infomicro\MainWindow.xaml.cs(101,17): error CS0104: "MessageBox" ├® uma refer├¬ncia amb├¡gua entre "System.Windows.Forms.MessageBox" e "System.Windows.MessageBox" [C:\Users\Deone\Documents\Projetos\Infomicro\Infomicro.csproj]
C:\Users\Deone\Documents\Projetos\Infomicro\MainWindow.xaml.cs(125,17): error CS0104: "MessageBox" ├® uma refer├¬ncia amb├¡gua entre "System.Windows.Forms.MessageBox" e "System.Windows.MessageBox" [C:\Users\Deone\Documents\Projetos\Infomicro\Infomicro.csproj]
    27 Aviso(s)
    3 Erro(s)

Tempo Decorrido 00:00:01.19
